// Jest Snapshot v1, https://jestjs.io/docs/snapshot-testing

exports[`LoadingSpinner snapshot should match snapshot 1`] = `
<View
  style={
    {
      "alignItems": "center",
      "flex": 1,
      "justifyContent": "center",
    }
  }
>
  <ActivityIndicator
    size="large"
    testID="activity-indicator"
  />
</View>
`;
